// Jest Snapshot v1, https://goo.gl/fbAQLP

exports[`test ProfileCardList component should render ProfileCardList component 1`] = `
<div
  className="profile-card__list"
>
  <ProfileCard
    avatar="test1-avatar"
    birthday="2011-01-01"
    city="test1-city"
    firstname="firstname"
    gender="test1-gender"
    gifts={Array []}
    id="test1-id"
    key="test1-id"
    lastname="lastname"
    zipcode="22555"
  />
  <ProfileCard
    avatar="test2-avatar"
    birthday="2011-01-01"
    city="test2-city"
    firstname="test2-firstname"
    gender="test2-gender"
    gifts={
      Array [
        "test2-gift1",
        "test2-gift2",
      ]
    }
    id="test2-id"
    key="test2-id"
    lastname="test2-firstname"
    zipcode="22555"
  />
  <ProfileCard
    avatar="test3-avatar"
    birthday="2011-01-01"
    city="test3-city"
    firstname="test3-firstname"
    gender="test3-gender"
    gifts={
      Array [
        "test3-gift1",
        "test3-gift2",
      ]
    }
    id="test3-id"
    key="test3-id"
    lastname="test3-firstname"
    zipcode="22555"
  />
</div>
`;
